[0m[34m┌──([0m[31m[1mroot㉿kali[0m[34m)-[[0m[1m~[0m[34m][0m                                                               [0m
[0m[34m└─[0m[31m[1m#[0m /root/Desktop/tools/[0m[95mstowaway/linux_x64_admin -l 23334[0m                         [0m
Completing executable file                                                        [0m
[0m[32m[1mact_runner[0m*                      [0m[34m[1mnishang[0m/                                         [0m
[0m[34m[1madc[0m/                             [0m[34m[1mNode.Js-Security-Course-master[0m/                  [0m
[0m[34m[42mbuild[0m/                           [0m[34m[1mpentest-tool[0m/                                    [0m
[0m[32m[1mcurl[0m*                            [0m[34m[1mPlugins[0m/                                         [0m
[0m[34m[1mCVE-2023-2640-CVE-2023-32629[0m/    [0m[32m[1mproc.sh[0m*                                         [0m
[0m[34m[1mCVE-2025-6019[0m/                   [0m[32m[1mpspy64[0m*                                          [0m
[0m[34m[1mDriver[0m/                          [0m[34m[1mpwnkit[0m/                                          [0m
[0m[34m[1mehole_linux[0m/                     [0m[34m[1mpyGPOAbuse[0m/                                      [0m
[0m[34m[1mfscan[0m/                           [0m[34m[1mpywhisker[0m/                                       [0m
[0m[32m[1mfuck.py[0m*                         [0m[34m[1mrbcd[0m/                                            [0m
[0m[34m[1mGhostScript[0m/                     [0m[34m[1mRedis[0m/                                           [0m
[0m[34m[1mgitTools-v0.0.1[0m/                 [0m[34m[1mreports[0m/                                         [0m
[0m[34m[1mgMSADumper[0m/                      [0m[34m[1mRunasCs[0m/                                         [0m
[0m[32m[1mGodPotato-NET35.exe[0m*             [0m[34m[1mRustHound[0m/                                       [0m
[0m[34m[1mgrafanaExp[0m/                      [0m[32m[1mrustscan[0m*                                        [0m
[0m[34m[1mIOM[0m/                             [0m[34m[1mSharpCollection[0m/                                 [0m
[0m[34m[1mIOXIDResolver-ng[0m/                [0m[34m[42mSharpHound_v2.6.7_windows_x86[0m/                   [0m
[0m[34m[1mjohn[0m/                            [0m[34m[1mshell[0m/                                           [0m
[0m[30m[47mAt Top: Hit TAB for more, or the character to insert[0m      [0m
